prisma.config.ts(4,35): error TS2307: Cannot find module 'prisma/config' or its corresponding type declarations.
src/app/api/auth/forgot-password/route.ts(4,30): error TS7016: Could not find a declaration file for module 'uuid'. 'C:/Users/DUNG/Desktop/Nerd-Society/node_modules/uuid/dist/esm-browser/index.js' implicitly has an 'any' type.
  Try `npm i --save-dev @types/uuid` if it exists or add a new declaration (.d.ts) file containing `declare module 'uuid';`
src/components/booking/BookingForm.tsx(103,21): error TS2322: Type '{ children: string; onClick: () => void; disabled: boolean; size: string; className: string; }' is not assignable to type 'IntrinsicAttributes & (ButtonProps & RefAttributes<HTMLElement>)'.
  Property 'size' does not exist on type 'IntrinsicAttributes & (ButtonProps & RefAttributes<HTMLElement>)'.
src/components/landing/ComboSection.tsx(191,33): error TS2322: Type 'boolean' is not assignable to type 'true'.
src/lib/auth.ts(8,5): error TS2322: Type 'import("C:/Users/DUNG/Desktop/Nerd-Society/node_modules/@auth/prisma-adapter/node_modules/@auth/core/adapters").Adapter' is not assignable to type 'import("C:/Users/DUNG/Desktop/Nerd-Society/node_modules/next-auth/adapters").Adapter'.
  Types of property 'getUser' are incompatible.
    Type '((id: string) => import("C:/Users/DUNG/Desktop/Nerd-Society/node_modules/@auth/prisma-adapter/node_modules/@auth/core/types").Awaitable<import("C:/Users/DUNG/Desktop/Nerd-Society/node_modules/@auth/prisma-adapter/node_modules/@auth/core/adapters").AdapterUser | null>) | undefined' is not assignable to type '((id: string) => import("C:/Users/DUNG/Desktop/Nerd-Society/node_modules/next-auth/core/types").Awaitable<import("C:/Users/DUNG/Desktop/Nerd-Society/node_modules/next-auth/adapters").AdapterUser | null>) | undefined'.
      Type '(id: string) => import("C:/Users/DUNG/Desktop/Nerd-Society/node_modules/@auth/prisma-adapter/node_modules/@auth/core/types").Awaitable<import("C:/Users/DUNG/Desktop/Nerd-Society/node_modules/@auth/prisma-adapter/node_modules/@auth/core/adapters").AdapterUser | null>' is not assignable to type '(id: string) => import("C:/Users/DUNG/Desktop/Nerd-Society/node_modules/next-auth/core/types").Awaitable<import("C:/Users/DUNG/Desktop/Nerd-Society/node_modules/next-auth/adapters").AdapterUser | null>'.
        Type 'import("C:/Users/DUNG/Desktop/Nerd-Society/node_modules/@auth/prisma-adapter/node_modules/@auth/core/types").Awaitable<import("C:/Users/DUNG/Desktop/Nerd-Society/node_modules/@auth/prisma-adapter/node_modules/@auth/core/adapters").AdapterUser | null>' is not assignable to type 'import("C:/Users/DUNG/Desktop/Nerd-Society/node_modules/next-auth/core/types").Awaitable<import("C:/Users/DUNG/Desktop/Nerd-Society/node_modules/next-auth/adapters").AdapterUser | null>'.
          Type 'AdapterUser' is not assignable to type 'Awaitable<AdapterUser | null>'.
            Property 'role' is missing in type 'import("C:/Users/DUNG/Desktop/Nerd-Society/node_modules/@auth/prisma-adapter/node_modules/@auth/core/adapters").AdapterUser' but required in type 'import("C:/Users/DUNG/Desktop/Nerd-Society/node_modules/next-auth/adapters").AdapterUser'.
src/lib/auth.ts(66,9): error TS2353: Object literal may only specify known properties, and 'signUp' does not exist in type 'Partial<PagesOptions>'.
